Loading configuration from: /opt/Projects/Soft2/NSGD/sanitycheck/fixed_external/inputs/input_chain_L08.json
Loading DAG graph from: /opt/Projects/Soft2/NSGD/sanitycheck/fixed_external/dags/DAG_chain_L08.json
['A1', 'A2', 'A3', 'A4', 'A5', 'A6', 'A7', 'A8']
[[0. 1. 0. 0. 0. 0. 0. 0.]
 [0. 0. 1. 0. 0. 0. 0. 0.]
 [0. 0. 0. 1. 0. 0. 0. 0.]
 [0. 0. 0. 0. 1. 0. 0. 0.]
 [0. 0. 0. 0. 0. 1. 0. 0.]
 [0. 0. 0. 0. 0. 0. 1. 0.]
 [0. 0. 0. 0. 0. 0. 0. 1.]
 [0. 0. 0. 0. 0. 0. 0. 0.]]
Expected per-node arrival rates: [10. 10. 10. 10. 10. 10. 10. 10.]
Topological order: ['A1', 'A2', 'A3', 'A4', 'A5', 'A6', 'A7', 'A8']
Transition matrix:
[[0. 1. 0. 0. 0. 0. 0. 0.]
 [0. 0. 1. 0. 0. 0. 0. 0.]
 [0. 0. 0. 1. 0. 0. 0. 0.]
 [0. 0. 0. 0. 1. 0. 0. 0.]
 [0. 0. 0. 0. 0. 1. 0. 0.]
 [0. 0. 0. 0. 0. 0. 1. 0.]
 [0. 0. 0. 0. 0. 0. 0. 1.]
 [0. 0. 0. 0. 0. 0. 0. 0.]]
Experiment will run with the following seeds: [1]

================================================================================
Starting Graph Run 1/1 | seed=1 | theta_init=[0.125, 0.125, 80]
arrival_rate=10.0000 | max_concurrency=100000
root=A1 | nodes=['A1', 'A2', 'A3', 'A4', 'A5', 'A6', 'A7', 'A8']
Log directory: logs/sanitycheck_fixed_external_L08_arr10.0_20260427_092804/theta_0.125_0.125_80/graph_run_1_seed_1
================================================================================

  0%|          | 0/500000 [00:00<?, ?it/s]  1%|          | 5001/500000 [00:01<02:07, 3867.72it/s]  2%|▏         | 10002/500000 [00:02<02:01, 4049.36it/s]  3%|▎         | 15003/500000 [00:03<01:58, 4084.97it/s]  4%|▍         | 20004/500000 [00:04<01:57, 4093.94it/s]  5%|▌         | 25005/500000 [00:06<01:56, 4079.07it/s]  6%|▌         | 30006/500000 [00:07<01:56, 4032.32it/s]  7%|▋         | 35007/500000 [00:08<01:54, 4054.55it/s]  8%|▊         | 40008/500000 [00:09<01:52, 4093.38it/s]  9%|▉         | 45009/500000 [00:11<01:51, 4080.32it/s] 10%|█         | 50010/500000 [00:12<01:50, 4054.22it/s]n = 2, theta = [ 0.125  0.125 80.   ], grad = [0. 0. 0.], cost+ = 2133.0325, cost- = 173.8975, tau_n = 693, perturbations = [0. 0. 0.]
n = 2, theta = [ 0.125  0.125 80.   ], grad = [0. 0. 0.], cost+ = 2133.0325, cost- = 173.8975, tau_n = 693, perturbations = [0. 0. 0.]
n = 2, theta = [ 0.125  0.125 80.   ], grad = [0. 0. 0.], cost+ = 2133.0325, cost- = 173.8975, tau_n = 693, perturbations = [0. 0. 0.]
n = 2, theta = [ 0.125  0.125 80.   ], grad = [0. 0. 0.], cost+ = 2133.0325, cost- = 173.8975, tau_n = 693, perturbations = [0. 0. 0.]
n = 2, theta = [ 0.125  0.125 80.   ], grad = [0. 0. 0.], cost+ = 2133.0325, cost- = 173.8975, tau_n = 693, perturbations = [0. 0. 0.]
n = 2, theta = [ 0.125  0.125 80.   ], grad = [0. 0. 0.], cost+ = 2133.0325, cost- = 173.8975, tau_n = 693, perturbations = [0. 0. 0.]
n = 2, theta = [ 0.125  0.125 80.   ], grad = [0. 0. 0.], cost+ = 2133.0325, cost- = 173.8975, tau_n = 693, perturbations = [0. 0. 0.]
n = 2, theta = [ 0.125  0.125 80.   ], grad = [0. 0. 0.], cost+ = 2133.0325, cost- = 173.8975, tau_n = 693, perturbations = [0. 0. 0.]
n = 3, theta = [ 0.125  0.125 80.   ], grad = [0. 0. 0.], cost+ = 191.3834, cost- = 286.7864, tau_n = 1098, perturbations = [0. 0. 0.]
n = 3, theta = [ 0.125  0.125 80.   ], grad = [0. 0. 0.], cost+ = 191.3834, cost- = 286.7864, tau_n = 1098, perturbations = [0. 0. 0.]
n = 3, theta = [ 0.125  0.125 80.   ], grad = [0. 0. 0.], cost+ = 191.3834, cost- = 286.7864, tau_n = 1098, perturbations = [0. 0. 0.]
n = 3, theta = [ 0.125  0.125 80.   ], grad = [0. 0. 0.], cost+ = 191.3834, cost- = 286.7864, tau_n = 1098, perturbations = [0. 0. 0.]
n = 3, theta = [ 0.125  0.125 80.   ], grad = [0. 0. 0.], cost+ = 191.3834, cost- = 286.7864, tau_n = 1098, perturbations = [0. 0. 0.]
n = 3, theta = [ 0.125  0.125 80.   ], grad = [0. 0. 0.], cost+ = 191.3834, cost- = 286.7864, tau_n = 1098, perturbations = [0. 0. 0.]
n = 3, theta = [ 0.125  0.125 80.   ], grad = [0. 0. 0.], cost+ = 191.3834, cost- = 286.7864, tau_n = 1098, perturbations = [0. 0. 0.]
n = 3, theta = [ 0.125  0.125 80.   ], grad = [0. 0. 0.], cost+ = 191.3834, cost- = 286.7864, tau_n = 1098, perturbations = [0. 0. 0.]
n = 4, theta = [ 0.125  0.125 80.   ], grad = [0. 0. 0.], cost+ = 315.8366, cost- = 372.8456, tau_n = 1386, perturbations = [0. 0. 0.]
n = 4, theta = [ 0.125  0.125 80.   ], grad = [0. 0. 0.], cost+ = 315.8366, cost- = 372.8456, tau_n = 1386, perturbations = [0. 0. 0.]
n = 4, theta = [ 0.125  0.125 80.   ], grad = [0. 0. 0.], cost+ = 315.8366, cost- = 372.8456, tau_n = 1386, perturbations = [0. 0. 0.]
n = 4, theta = [ 0.125  0.125 80.   ], grad = [0. 0. 0.], cost+ = 315.8366, cost- = 372.8456, tau_n = 1386, perturbations = [0. 0. 0.]
n = 4, theta = [ 0.125  0.125 80.   ], grad = [0. 0. 0.], cost+ = 315.8366, cost- = 372.8456, tau_n = 1386, perturbations = [0. 0. 0.]
n = 4, theta = [ 0.125  0.125 80.   ], grad = [0. 0. 0.], cost+ = 315.8366, cost- = 372.8456, tau_n = 1386, perturbations = [0. 0. 0.]
n = 4, theta = [ 0.125  0.125 80.   ], grad = [0. 0. 0.], cost+ = 315.8366, cost- = 372.8456, tau_n = 1386, perturbations = [0. 0. 0.]
n = 4, theta = [ 0.125  0.125 80.   ], grad = [0. 0. 0.], cost+ = 315.8366, cost- = 372.8456, tau_n = 1386, perturbations = [0. 0. 0.]
n = 5, theta = [ 0.125  0.125 80.   ], grad = [0. 0. 0.], cost+ = 287.2912, cost- = 333.3844, tau_n = 1609, perturbations = [0. 0. 0.]
n = 5, theta = [ 0.125  0.125 80.   ], grad = [0. 0. 0.], cost+ = 287.2912, cost- = 333.3844, tau_n = 1609, perturbations = [0. 0. 0.]
n = 5, theta = [ 0.125  0.125 80.   ], grad = [0. 0. 0.], cost+ = 287.2912, cost- = 333.3844, tau_n = 1609, perturbations = [0. 0. 0.]
n = 5, theta = [ 0.125  0.125 80.   ], grad = [0. 0. 0.], cost+ = 287.2912, cost- = 333.3844, tau_n = 1609, perturbations = [0. 0. 0.]
n = 5, theta = [ 0.125  0.125 80.   ], grad = [0. 0. 0.], cost+ = 287.2912, cost- = 333.3844, tau_n = 1609, perturbations = [0. 0. 0.]
n = 5, theta = [ 0.125  0.125 80.   ], grad = [0. 0. 0.], cost+ = 287.2912, cost- = 333.3844, tau_n = 1609, perturbations = [0. 0. 0.]
n = 5, theta = [ 0.125  0.125 80.   ], grad = [0. 0. 0.], cost+ = 287.2912, cost- = 333.3844, tau_n = 1609, perturbations = [0. 0. 0.]
n = 5, theta = [ 0.125  0.125 80.   ], grad = [0. 0. 0.], cost+ = 287.2912, cost- = 333.3844, tau_n = 1609, perturbations = [0. 0. 0.]
n = 6, theta = [ 0.125  0.125 80.   ], grad = [0. 0. 0.], cost+ = 443.2803, cost- = 402.6787, tau_n = 1791, perturbations = [0. 0. 0.]
n = 6, theta = [ 0.125  0.125 80.   ], grad = [0. 0. 0.], cost+ = 443.2803, cost- = 402.6787, tau_n = 1791, perturbations = [0. 0. 0.]
n = 6, theta = [ 0.125  0.125 80.   ], grad = [0. 0. 0.], cost+ = 443.2803, cost- = 402.6787, tau_n = 1791, perturbations = [0. 0. 0.]
n = 6, theta = [ 0.125  0.125 80.   ], grad = [0. 0. 0.], cost+ = 443.2803, cost- = 402.6787, tau_n = 1791, perturbations = [0. 0. 0.]
n = 6, theta = [ 0.125  0.125 80.   ], grad = [0. 0. 0.], cost+ = 443.2803, cost- = 402.6787, tau_n = 1791, perturbations = [0. 0. 0.]
n = 6, theta = [ 0.125  0.125 80.   ], grad = [0. 0. 0.], cost+ = 443.2803, cost- = 402.6787, tau_n = 1791, perturbations = [0. 0. 0.]
n = 6, theta = [ 0.125  0.125 80.   ], grad = [0. 0. 0.], cost+ = 443.2803, cost- = 402.6787, tau_n = 1791, perturbations = [0. 0. 0.]
n = 6, theta = [ 0.125  0.125 80.   ], grad = [0. 0. 0.], cost+ = 443.2803, cost- = 402.6787, tau_n = 1791, perturbations = [0. 0. 0.]
n = 7, theta = [ 0.125  0.125 80.   ], grad = [0. 0. 0.], cost+ = 374.1787, cost- = 328.1653, tau_n = 1945, perturbations = [0. 0. 0.]
n = 7, theta = [ 0.125  0.125 80.   ], grad = [0. 0. 0.], cost+ = 374.1787, cost- = 328.1653, tau_n = 1945, perturbations = [0. 0. 0.]
n = 7, theta = [ 0.125  0.125 80.   ], grad = [0. 0. 0.], cost+ = 374.1787, cost- = 328.1653, tau_n = 1945, perturbations = [0. 0. 0.]
n = 7, theta = [ 0.125  0.125 80.   ], grad = [0. 0. 0.], cost+ = 374.1787, cost- = 328.1653, tau_n = 1945, perturbations = [0. 0. 0.]
n = 7, theta = [ 0.125  0.125 80.   ], grad = [0. 0. 0.], cost+ = 374.1787, cost- = 328.1653, tau_n = 1945, perturbations = [0. 0. 0.]
n = 7, theta = [ 0.125  0.125 80.   ], grad = [0. 0. 0.], cost+ = 374.1787, cost- = 328.1653, tau_n = 1945, perturbations = [0. 0. 0.]
n = 7, theta = [ 0.125  0.125 80.   ], grad = [0. 0. 0.], cost+ = 374.1787, cost- = 328.1653, tau_n = 1945, perturbations = [0. 0. 0.]
n = 7, theta = [ 0.125  0.125 80.   ], grad = [0. 0. 0.], cost+ = 374.1787, cost- = 328.1653, tau_n = 1945, perturbations = [0. 0. 0.]
n = 8, theta = [ 0.125  0.125 80.   ], grad = [0. 0. 0.], cost+ = 357.7561, cost- = 350.4331, tau_n = 2079, perturbations = [0. 0. 0.]
n = 8, theta = [ 0.125  0.125 80.   ], grad = [0. 0. 0.], cost+ = 357.7561, cost- = 350.4331, tau_n = 2079, perturbations = [0. 0. 0.]
n = 8, theta = [ 0.125  0.125 80.   ], grad = [0. 0. 0.], cost+ = 357.7561, cost- = 350.4331, tau_n = 2079, perturbations = [0. 0. 0.]
n = 8, theta = [ 0.125  0.125 80.   ], grad = [0. 0. 0.], cost+ = 357.7561, cost- = 350.4331, tau_n = 2079, perturbations = [0. 0. 0.]
n = 8, theta = [ 0.125  0.125 80.   ], grad = [0. 0. 0.], cost+ = 357.7561, cost- = 350.4331, tau_n = 2079, perturbations = [0. 0. 0.]
n = 8, theta = [ 0.125  0.125 80.   ], grad = [0. 0. 0.], cost+ = 357.7561, cost- = 350.4331, tau_n = 2079, perturbations = [0. 0. 0.]
n = 8, theta = [ 0.125  0.125 80.   ], grad = [0. 0. 0.], cost+ = 357.7561, cost- = 350.4331, tau_n = 2079, perturbations = [0. 0. 0.]
n = 8, theta = [ 0.125  0.125 80.   ], grad = [0. 0. 0.], cost+ = 357.7561, cost- = 350.4331, tau_n = 2079, perturbations = [0. 0. 0.]
n = 9, theta = [ 0.125  0.125 80.   ], grad = [0. 0. 0.], cost+ = 355.2579, cost- = 394.5951, tau_n = 2197, perturbations = [0. 0. 0.]
n = 9, theta = [ 0.125  0.125 80.   ], grad = [0. 0. 0.], cost+ = 355.2579, cost- = 394.5951, tau_n = 2197, perturbations = [0. 0. 0.]
n = 9, theta = [ 0.125  0.125 80.   ], grad = [0. 0. 0.], cost+ = 355.2579, cost- = 394.5951, tau_n = 2197, perturbations = [0. 0. 0.]
n = 9, theta = [ 0.125  0.125 80.   ], grad = [0. 0. 0.], cost+ = 355.2579, cost- = 394.5951, tau_n = 2197, perturbations = [0. 0. 0.]
 11%|█         | 55011/500000 [00:13<01:50, 4038.71it/s] 12%|█▏        | 60012/500000 [00:14<01:49, 4034.25it/s] 13%|█▎        | 65013/500000 [00:16<01:47, 4032.07it/s] 14%|█▍        | 70014/500000 [00:17<01:46, 4024.67it/s] 15%|█▌        | 75015/500000 [00:18<01:47, 3966.95it/s] 16%|█▌        | 80016/500000 [00:19<01:47, 3892.87it/s]100%|██████████| 500000/500000 [00:21<00:00, 90698.12it/s]100%|██████████| 500000/500000 [00:21<00:00, 23025.12it/s]
n = 9, theta = [ 0.125  0.125 80.   ], grad = [0. 0. 0.], cost+ = 355.2579, cost- = 394.5951, tau_n = 2197, perturbations = [0. 0. 0.]
n = 9, theta = [ 0.125  0.125 80.   ], grad = [0. 0. 0.], cost+ = 355.2579, cost- = 394.5951, tau_n = 2197, perturbations = [0. 0. 0.]
n = 9, theta = [ 0.125  0.125 80.   ], grad = [0. 0. 0.], cost+ = 355.2579, cost- = 394.5951, tau_n = 2197, perturbations = [0. 0. 0.]
n = 9, theta = [ 0.125  0.125 80.   ], grad = [0. 0. 0.], cost+ = 355.2579, cost- = 394.5951, tau_n = 2197, perturbations = [0. 0. 0.]
n = 10, theta = [ 0.125  0.125 80.   ], grad = [0. 0. 0.], cost+ = 295.6251, cost- = 380.5704, tau_n = 2302, perturbations = [0. 0. 0.]
n = 10, theta = [ 0.125  0.125 80.   ], grad = [0. 0. 0.], cost+ = 295.6251, cost- = 380.5704, tau_n = 2302, perturbations = [0. 0. 0.]
n = 10, theta = [ 0.125  0.125 80.   ], grad = [0. 0. 0.], cost+ = 295.6251, cost- = 380.5704, tau_n = 2302, perturbations = [0. 0. 0.]
n = 10, theta = [ 0.125  0.125 80.   ], grad = [0. 0. 0.], cost+ = 295.6251, cost- = 380.5704, tau_n = 2302, perturbations = [0. 0. 0.]
n = 10, theta = [ 0.125  0.125 80.   ], grad = [0. 0. 0.], cost+ = 295.6251, cost- = 380.5704, tau_n = 2302, perturbations = [0. 0. 0.]
n = 10, theta = [ 0.125  0.125 80.   ], grad = [0. 0. 0.], cost+ = 295.6251, cost- = 380.5704, tau_n = 2302, perturbations = [0. 0. 0.]
n = 10, theta = [ 0.125  0.125 80.   ], grad = [0. 0. 0.], cost+ = 295.6251, cost- = 380.5704, tau_n = 2302, perturbations = [0. 0. 0.]
n = 10, theta = [ 0.125  0.125 80.   ], grad = [0. 0. 0.], cost+ = 295.6251, cost- = 380.5704, tau_n = 2302, perturbations = [0. 0. 0.]
n = 11, theta = [ 0.125  0.125 80.   ], grad = [0. 0. 0.], cost+ = 385.0757, cost- = 311.1562, tau_n = 2397, perturbations = [0. 0. 0.]
n = 11, theta = [ 0.125  0.125 80.   ], grad = [0. 0. 0.], cost+ = 385.0757, cost- = 311.1562, tau_n = 2397, perturbations = [0. 0. 0.]
n = 11, theta = [ 0.125  0.125 80.   ], grad = [0. 0. 0.], cost+ = 385.0757, cost- = 311.1562, tau_n = 2397, perturbations = [0. 0. 0.]
n = 11, theta = [ 0.125  0.125 80.   ], grad = [0. 0. 0.], cost+ = 385.0757, cost- = 311.1562, tau_n = 2397, perturbations = [0. 0. 0.]
n = 11, theta = [ 0.125  0.125 80.   ], grad = [0. 0. 0.], cost+ = 385.0757, cost- = 311.1562, tau_n = 2397, perturbations = [0. 0. 0.]
n = 11, theta = [ 0.125  0.125 80.   ], grad = [0. 0. 0.], cost+ = 385.0757, cost- = 311.1562, tau_n = 2397, perturbations = [0. 0. 0.]
n = 11, theta = [ 0.125  0.125 80.   ], grad = [0. 0. 0.], cost+ = 385.0757, cost- = 311.1562, tau_n = 2397, perturbations = [0. 0. 0.]
n = 11, theta = [ 0.125  0.125 80.   ], grad = [0. 0. 0.], cost+ = 385.0757, cost- = 311.1562, tau_n = 2397, perturbations = [0. 0. 0.]
n = 12, theta = [ 0.125  0.125 80.   ], grad = [0. 0. 0.], cost+ = 248.6522, cost- = 324.9607, tau_n = 2484, perturbations = [0. 0. 0.]
n = 12, theta = [ 0.125  0.125 80.   ], grad = [0. 0. 0.], cost+ = 248.6522, cost- = 324.9607, tau_n = 2484, perturbations = [0. 0. 0.]
n = 12, theta = [ 0.125  0.125 80.   ], grad = [0. 0. 0.], cost+ = 248.6522, cost- = 324.9607, tau_n = 2484, perturbations = [0. 0. 0.]
n = 12, theta = [ 0.125  0.125 80.   ], grad = [0. 0. 0.], cost+ = 248.6522, cost- = 324.9607, tau_n = 2484, perturbations = [0. 0. 0.]
n = 12, theta = [ 0.125  0.125 80.   ], grad = [0. 0. 0.], cost+ = 248.6522, cost- = 324.9607, tau_n = 2484, perturbations = [0. 0. 0.]
n = 12, theta = [ 0.125  0.125 80.   ], grad = [0. 0. 0.], cost+ = 248.6522, cost- = 324.9607, tau_n = 2484, perturbations = [0. 0. 0.]
n = 12, theta = [ 0.125  0.125 80.   ], grad = [0. 0. 0.], cost+ = 248.6522, cost- = 324.9607, tau_n = 2484, perturbations = [0. 0. 0.]
n = 12, theta = [ 0.125  0.125 80.   ], grad = [0. 0. 0.], cost+ = 248.6522, cost- = 324.9607, tau_n = 2484, perturbations = [0. 0. 0.]

Results for Graph Run 1:
External arrivals: 5133
Internal arrivals: 35872
Graph requests: 41005
Graph average cost: 362.5556
Graph time-average cost: 342.8208
Graph cold-start probability: 0.0254
Graph rejection probability: 0.0000
Execution Time: 21.73s (0.36min)

================================================================================
GRAPH EXPERIMENT SUMMARY
================================================================================
Total runs completed: 1/1
Total time: 21.82s (0.36min)

All results saved to: logs/sanitycheck_fixed_external_L08_arr10.0_20260427_092804
